// Vitest Snapshot v1, https://vitest.dev/guide/snapshot.html

exports[`Works when today is weekday > Works for weekday 1`] = `
"

⏰ 09:55 - 11:25
Лекция:
<b>Управление развитием инновационного продукта</b>
Дегтярёва В.В.
ЛК - 402 

⏰ 11:35 - 13:05
Практика:
<b>Управление развитием инновационного продукта</b>
Дегтярёва В.В.
ЛК - 402"
`;
